0 verbose cli C:\Program Files\nodejs\node.exe C:\Program Files\nodejs\node_modules\npm\bin\npm-cli.js
1 info using npm@11.13.0
2 info using node@v24.17.0
3 silly config load:file:C:\Program Files\nodejs\node_modules\npm\npmrc
4 silly config load:file:C:\LCODE2\.npmrc
5 silly config load:file:C:\Users\이젠아카데미\.npmrc
6 silly config load:file:C:\Users\이젠아카데미\AppData\Roaming\npm\etc\npmrc
7 verbose title npm install
8 verbose argv "install" "--ignore-scripts" "--cache" ".npm-cache"
9 verbose logfile logs-max:10 dir:C:\LCODE2\.npm-cache\_logs\2026-09-04T08_38_26_515Z-
10 verbose logfile C:\LCODE2\.npm-cache\_logs\2026-09-04T08_38_26_515Z-debug-0.log
11 silly logfile done cleaning log files
12 silly packumentCache heap:4496293888 maxSize:1124073472 maxEntrySize:562036736
13 verbose shrinkwrap failed to load node_modules/.package-lock.json out of date, updated: node_modules
14 silly idealTree buildDeps
15 silly reify mark retired [ 'C:\\LCODE2\\node_modules\\clsx' ]
16 silly reify mark retired [ 'C:\\LCODE2\\node_modules\\d3-array' ]
17 silly reify mark retired [ 'C:\\LCODE2\\node_modules\\d3-color' ]
18 silly reify mark retired [ 'C:\\LCODE2\\node_modules\\d3-ease' ]
19 silly reify mark retired [ 'C:\\LCODE2\\node_modules\\d3-format' ]
20 silly reify mark retired [ 'C:\\LCODE2\\node_modules\\d3-interpolate' ]
21 silly reify mark retired [ 'C:\\LCODE2\\node_modules\\d3-path' ]
22 silly reify mark retired [ 'C:\\LCODE2\\node_modules\\d3-scale' ]
23 silly reify mark retired [ 'C:\\LCODE2\\node_modules\\d3-shape' ]
24 silly reify mark retired [ 'C:\\LCODE2\\node_modules\\d3-time' ]
25 silly reify mark retired [ 'C:\\LCODE2\\node_modules\\d3-time-format' ]
26 silly reify mark retired [ 'C:\\LCODE2\\node_modules\\d3-timer' ]
27 silly reify mark retired [ 'C:\\LCODE2\\node_modules\\decimal.js-light' ]
28 silly reify mark retired [ 'C:\\LCODE2\\node_modules\\es-toolkit' ]
29 silly reify mark retired [ 'C:\\LCODE2\\node_modules\\eventemitter3' ]
30 silly reify mark retired [ 'C:\\LCODE2\\node_modules\\immer' ]
31 silly reify mark retired [ 'C:\\LCODE2\\node_modules\\internmap' ]
32 silly reify mark retired [ 'C:\\LCODE2\\node_modules\\react-redux' ]
33 silly reify mark retired [ 'C:\\LCODE2\\node_modules\\recharts' ]
34 silly reify mark retired [ 'C:\\LCODE2\\node_modules\\redux' ]
35 silly reify mark retired [ 'C:\\LCODE2\\node_modules\\redux-thunk' ]
36 silly reify mark retired [ 'C:\\LCODE2\\node_modules\\reselect' ]
37 silly reify mark retired [ 'C:\\LCODE2\\node_modules\\tiny-invariant' ]
38 silly reify mark retired [ 'C:\\LCODE2\\node_modules\\use-sync-external-store' ]
39 silly reify mark retired [ 'C:\\LCODE2\\node_modules\\victory-vendor' ]
40 silly reify mark retired [ 'C:\\LCODE2\\node_modules\\@reduxjs\\toolkit' ]
41 silly reify mark retired [ 'C:\\LCODE2\\node_modules\\@standard-schema\\spec' ]
42 silly reify mark retired [ 'C:\\LCODE2\\node_modules\\@standard-schema\\utils' ]
43 silly reify mark retired [ 'C:\\LCODE2\\node_modules\\@types\\d3-array' ]
44 silly reify mark retired [ 'C:\\LCODE2\\node_modules\\@types\\d3-color' ]
45 silly reify mark retired [ 'C:\\LCODE2\\node_modules\\@types\\d3-ease' ]
46 silly reify mark retired [ 'C:\\LCODE2\\node_modules\\@types\\d3-interpolate' ]
47 silly reify mark retired [ 'C:\\LCODE2\\node_modules\\@types\\d3-path' ]
48 silly reify mark retired [ 'C:\\LCODE2\\node_modules\\@types\\d3-scale' ]
49 silly reify mark retired [ 'C:\\LCODE2\\node_modules\\@types\\d3-shape' ]
50 silly reify mark retired [ 'C:\\LCODE2\\node_modules\\@types\\d3-time' ]
51 silly reify mark retired [ 'C:\\LCODE2\\node_modules\\@types\\d3-timer' ]
52 silly reify mark retired [ 'C:\\LCODE2\\node_modules\\@types\\use-sync-external-store' ]
53 silly reify moves {
53 silly reify   'C:\\LCODE2\\node_modules\\clsx': 'C:\\LCODE2\\node_modules\\.clsx-gJLA3Sd8',
53 silly reify   'C:\\LCODE2\\node_modules\\d3-array': 'C:\\LCODE2\\node_modules\\.d3-array-DaqZL6H2',
53 silly reify   'C:\\LCODE2\\node_modules\\d3-color': 'C:\\LCODE2\\node_modules\\.d3-color-swHMHPDh',
53 silly reify   'C:\\LCODE2\\node_modules\\d3-ease': 'C:\\LCODE2\\node_modules\\.d3-ease-c488VQyK',
53 silly reify   'C:\\LCODE2\\node_modules\\d3-format': 'C:\\LCODE2\\node_modules\\.d3-format-kjwR1NgB',
53 silly reify   'C:\\LCODE2\\node_modules\\d3-interpolate': 'C:\\LCODE2\\node_modules\\.d3-interpolate-cnHiQgyO',
53 silly reify   'C:\\LCODE2\\node_modules\\d3-path': 'C:\\LCODE2\\node_modules\\.d3-path-N86iOBgv',
53 silly reify   'C:\\LCODE2\\node_modules\\d3-scale': 'C:\\LCODE2\\node_modules\\.d3-scale-G68MxGki',
53 silly reify   'C:\\LCODE2\\node_modules\\d3-shape': 'C:\\LCODE2\\node_modules\\.d3-shape-5ClMF72l',
53 silly reify   'C:\\LCODE2\\node_modules\\d3-time': 'C:\\LCODE2\\node_modules\\.d3-time-HSYXxyJr',
53 silly reify   'C:\\LCODE2\\node_modules\\d3-time-format': 'C:\\LCODE2\\node_modules\\.d3-time-format-AHqEXSHJ',
53 silly reify   'C:\\LCODE2\\node_modules\\d3-timer': 'C:\\LCODE2\\node_modules\\.d3-timer-0ih7pmj0',
53 silly reify   'C:\\LCODE2\\node_modules\\decimal.js-light': 'C:\\LCODE2\\node_modules\\.decimal.js-light-fjarOPan',
53 silly reify   'C:\\LCODE2\\node_modules\\es-toolkit': 'C:\\LCODE2\\node_modules\\.es-toolkit-cYnMizEo',
53 silly reify   'C:\\LCODE2\\node_modules\\eventemitter3': 'C:\\LCODE2\\node_modules\\.eventemitter3-0sCbuZe3',
53 silly reify   'C:\\LCODE2\\node_modules\\immer': 'C:\\LCODE2\\node_modules\\.immer-jk0wwtV1',
53 silly reify   'C:\\LCODE2\\node_modules\\internmap': 'C:\\LCODE2\\node_modules\\.internmap-1B69A5EV',
53 silly reify   'C:\\LCODE2\\node_modules\\react-redux': 'C:\\LCODE2\\node_modules\\.react-redux-9kJ3b1CA',
53 silly reify   'C:\\LCODE2\\node_modules\\recharts': 'C:\\LCODE2\\node_modules\\.recharts-IDuaPA1N',
53 silly reify   'C:\\LCODE2\\node_modules\\redux': 'C:\\LCODE2\\node_modules\\.redux-YrbJCqQ1',
53 silly reify   'C:\\LCODE2\\node_modules\\redux-thunk': 'C:\\LCODE2\\node_modules\\.redux-thunk-FFLgCWaA',
53 silly reify   'C:\\LCODE2\\node_modules\\reselect': 'C:\\LCODE2\\node_modules\\.reselect-JKQu3b5t',
53 silly reify   'C:\\LCODE2\\node_modules\\tiny-invariant': 'C:\\LCODE2\\node_modules\\.tiny-invariant-ZePKQ4wg',
53 silly reify   'C:\\LCODE2\\node_modules\\use-sync-external-store': 'C:\\LCODE2\\node_modules\\.use-sync-external-store-G6xkhhKZ',
53 silly reify   'C:\\LCODE2\\node_modules\\victory-vendor': 'C:\\LCODE2\\node_modules\\.victory-vendor-Uoz4kMne',
53 silly reify   'C:\\LCODE2\\node_modules\\@reduxjs\\toolkit': 'C:\\LCODE2\\node_modules\\@reduxjs\\.toolkit-iTGV44tD',
53 silly reify   'C:\\LCODE2\\node_modules\\@standard-schema\\spec': 'C:\\LCODE2\\node_modules\\@standard-schema\\.spec-b2EjKyJG',
53 silly reify   'C:\\LCODE2\\node_modules\\@standard-schema\\utils': 'C:\\LCODE2\\node_modules\\@standard-schema\\.utils-EevEGZ09',
53 silly reify   'C:\\LCODE2\\node_modules\\@types\\d3-array': 'C:\\LCODE2\\node_modules\\@types\\.d3-array-mLUWp9X1',
53 silly reify   'C:\\LCODE2\\node_modules\\@types\\d3-color': 'C:\\LCODE2\\node_modules\\@types\\.d3-color-MuIkWUJu',
53 silly reify   'C:\\LCODE2\\node_modules\\@types\\d3-ease': 'C:\\LCODE2\\node_modules\\@types\\.d3-ease-q0ewaMA7',
53 silly reify   'C:\\LCODE2\\node_modules\\@types\\d3-interpolate': 'C:\\LCODE2\\node_modules\\@types\\.d3-interpolate-qjn1ShbR',
53 silly reify   'C:\\LCODE2\\node_modules\\@types\\d3-path': 'C:\\LCODE2\\node_modules\\@types\\.d3-path-YHBcTF5c',
53 silly reify   'C:\\LCODE2\\node_modules\\@types\\d3-scale': 'C:\\LCODE2\\node_modules\\@types\\.d3-scale-82gzrISu',
53 silly reify   'C:\\LCODE2\\node_modules\\@types\\d3-shape': 'C:\\LCODE2\\node_modules\\@types\\.d3-shape-sjKij34W',
53 silly reify   'C:\\LCODE2\\node_modules\\@types\\d3-time': 'C:\\LCODE2\\node_modules\\@types\\.d3-time-ilW4dcK9',
53 silly reify   'C:\\LCODE2\\node_modules\\@types\\d3-timer': 'C:\\LCODE2\\node_modules\\@types\\.d3-timer-1K6O8veC',
53 silly reify   'C:\\LCODE2\\node_modules\\@types\\use-sync-external-store': 'C:\\LCODE2\\node_modules\\@types\\.use-sync-external-store-Vhj8stOw'
53 silly reify }
54 silly audit bulk request {
54 silly audit   '@firebase/ai': [ '2.15.0' ],
54 silly audit   '@firebase/analytics': [ '0.10.24' ],
54 silly audit   '@firebase/analytics-compat': [ '0.2.30' ],
54 silly audit   '@firebase/analytics-types': [ '0.8.5' ],
54 silly audit   '@firebase/app': [ '0.16.1' ],
54 silly audit   '@firebase/app-check': [ '0.13.1' ],
54 silly audit   '@firebase/app-check-compat': [ '0.4.7' ],
54 silly audit   '@firebase/app-check-interop-types': [ '0.3.5' ],
54 silly audit   '@firebase/app-check-types': [ '0.5.5' ],
54 silly audit   '@firebase/app-compat': [ '0.5.17' ],
54 silly audit   '@firebase/app-types': [ '0.9.6' ],
54 silly audit   '@firebase/auth': [ '1.13.5' ],
54 silly audit   '@firebase/auth-compat': [ '0.6.10' ],
54 silly audit   '@firebase/auth-interop-types': [ '0.2.6' ],
54 silly audit   '@firebase/auth-types': [ '0.13.2' ],
54 silly audit   '@firebase/component': [ '0.7.5' ],
54 silly audit   '@firebase/data-connect': [ '0.7.4' ],
54 silly audit   '@firebase/database': [ '1.1.5' ],
54 silly audit   '@firebase/database-compat': [ '2.1.7' ],
54 silly audit   '@firebase/database-types': [ '1.0.22' ],
54 silly audit   '@firebase/firestore': [ '4.17.1' ],
54 silly audit   '@firebase/firestore-compat': [ '0.4.13' ],
54 silly audit   '@firebase/firestore-types': [ '3.0.5' ],
54 silly audit   '@firebase/functions': [ '0.14.0' ],
54 silly audit   '@firebase/functions-compat': [ '0.5.0' ],
54 silly audit   '@firebase/functions-types': [ '0.6.5' ],
54 silly audit   '@firebase/installations': [ '0.6.24' ],
54 silly audit   '@firebase/installations-compat': [ '0.2.24' ],
54 silly audit   '@firebase/installations-types': [ '0.5.5' ],
54 silly audit   '@firebase/logger': [ '0.5.2' ],
54 silly audit   '@firebase/messaging': [ '0.13.2' ],
54 silly audit   '@firebase/messaging-compat': [ '0.2.29' ],
54 silly audit   '@firebase/messaging-interop-types': [ '0.2.6' ],
54 silly audit   '@firebase/performance': [ '0.7.14' ],
54 silly audit   '@firebase/performance-compat': [ '0.2.27' ],
54 silly audit   '@firebase/performance-types': [ '0.2.5' ],
54 silly audit   '@firebase/remote-config': [ '0.9.2' ],
54 silly audit   '@firebase/remote-config-compat': [ '0.2.29' ],
54 silly audit   '@firebase/remote-config-types': [ '0.5.2' ],
54 silly audit   '@firebase/storage': [ '0.14.5' ],
54 silly audit   '@firebase/storage-compat': [ '0.4.5' ],
54 silly audit   '@firebase/storage-types': [ '0.8.5' ],
54 silly audit   '@firebase/util': [ '1.15.3' ],
54 silly audit   '@firebase/webchannel-wrapper': [ '1.0.7' ],
54 silly audit   '@grpc/grpc-js': [ '1.9.16' ],
54 silly audit   '@grpc/proto-loader': [ '0.7.15' ],
54 silly audit   '@oxc-project/types': [ '0.146.0' ],
54 silly audit   '@oxlint/binding-android-arm-eabi': [ '1.79.0' ],
54 silly audit   '@oxlint/binding-android-arm64': [ '1.79.0' ],
54 silly audit   '@oxlint/binding-darwin-arm64': [ '1.79.0' ],
54 silly audit   '@oxlint/binding-darwin-x64': [ '1.79.0' ],
54 silly audit   '@oxlint/binding-freebsd-x64': [ '1.79.0' ],
54 silly audit   '@oxlint/binding-linux-arm-gnueabihf': [ '1.79.0' ],
54 silly audit   '@oxlint/binding-linux-arm-musleabihf': [ '1.79.0' ],
54 silly audit   '@oxlint/binding-linux-arm64-gnu': [ '1.79.0' ],
54 silly audit   '@oxlint/binding-linux-arm64-musl': [ '1.79.0' ],
54 silly audit   '@oxlint/binding-linux-ppc64-gnu': [ '1.79.0' ],
54 silly audit   '@oxlint/binding-linux-riscv64-gnu': [ '1.79.0' ],
54 silly audit   '@oxlint/binding-linux-riscv64-musl': [ '1.79.0' ],
54 silly audit   '@oxlint/binding-linux-s390x-gnu': [ '1.79.0' ],
54 silly audit   '@oxlint/binding-linux-x64-gnu': [ '1.79.0' ],
54 silly audit   '@oxlint/binding-linux-x64-musl': [ '1.79.0' ],
54 silly audit   '@oxlint/binding-openharmony-arm64': [ '1.79.0' ],
54 silly audit   '@oxlint/binding-win32-arm64-msvc': [ '1.79.0' ],
54 silly audit   '@oxlint/binding-win32-ia32-msvc': [ '1.79.0' ],
54 silly audit   '@oxlint/binding-win32-x64-msvc': [ '1.79.0' ],
54 silly audit   '@parcel/watcher': [ '2.6.0' ],
54 silly audit   '@parcel/watcher-android-arm64': [ '2.6.0' ],
54 silly audit   '@parcel/watcher-darwin-arm64': [ '2.6.0' ],
54 silly audit   '@parcel/watcher-darwin-x64': [ '2.6.0' ],
54 silly audit   '@parcel/watcher-freebsd-x64': [ '2.6.0' ],
54 silly audit   '@parcel/watcher-linux-arm-glibc': [ '2.6.0' ],
54 silly audit   '@parcel/watcher-linux-arm-musl': [ '2.6.0' ],
54 silly audit   '@parcel/watcher-linux-arm64-glibc': [ '2.6.0' ],
54 silly audit   '@parcel/watcher-linux-arm64-musl': [ '2.6.0' ],
54 silly audit   '@parcel/watcher-linux-x64-glibc': [ '2.6.0' ],
54 silly audit   '@parcel/watcher-linux-x64-musl': [ '2.6.0' ],
54 silly audit   '@parcel/watcher-win32-arm64': [ '2.6.0' ],
54 silly audit   '@parcel/watcher-win32-x64': [ '2.6.0' ],
54 silly audit   '@protobufjs/aspromise': [ '1.1.2' ],
54 silly audit   '@protobufjs/base64': [ '1.1.2' ],
54 silly audit   '@protobufjs/codegen': [ '2.0.5' ],
54 silly audit   '@protobufjs/eventemitter': [ '1.1.1' ],
54 silly audit   '@protobufjs/fetch': [ '1.1.1' ],
54 silly audit   '@protobufjs/float': [ '1.0.2' ],
54 silly audit   '@protobufjs/path': [ '1.1.2' ],
54 silly audit   '@protobufjs/pool': [ '1.1.0' ],
54 silly audit   '@protobufjs/utf8': [ '1.1.2' ],
54 silly audit   '@react-leaflet/core': [ '3.0.0' ],
54 silly audit   '@reduxjs/toolkit': [ '2.12.0' ],
54 silly audit   '@rolldown/binding-android-arm-eabi': [ '1.2.5' ],
54 silly audit   '@rolldown/binding-android-arm64': [ '1.2.5' ],
54 silly audit   '@rolldown/binding-darwin-arm64': [ '1.2.5' ],
54 silly audit   '@rolldown/binding-darwin-x64': [ '1.2.5' ],
54 silly audit   '@rolldown/binding-freebsd-x64': [ '1.2.5' ],
54 silly audit   '@rolldown/binding-linux-arm-gnueabihf': [ '1.2.5' ],
54 silly audit   '@rolldown/binding-linux-arm64-gnu': [ '1.2.5' ],
54 silly audit   '@rolldown/binding-linux-arm64-musl': [ '1.2.5' ],
54 silly audit   '@rolldown/binding-linux-ppc64-gnu': [ '1.2.5' ],
54 silly audit   '@rolldown/binding-linux-s390x-gnu': [ '1.2.5' ],
54 silly audit   '@rolldown/binding-linux-x64-gnu': [ '1.2.5' ],
54 silly audit   '@rolldown/binding-linux-x64-musl': [ '1.2.5' ],
54 silly audit   '@rolldown/binding-openharmony-arm64': [ '1.2.5' ],
54 silly audit   '@rolldown/binding-win32-arm64-msvc': [ '1.2.5' ],
54 silly audit   '@rolldown/binding-win32-x64-msvc': [ '1.2.5' ],
54 silly audit   '@rolldown/pluginutils': [ '1.0.1' ],
54 silly audit   '@standard-schema/spec': [ '1.1.0' ],
54 silly audit   '@standard-schema/utils': [ '0.3.0' ],
54 silly audit   '@types/d3-array': [ '3.2.2' ],
54 silly audit   '@types/d3-color': [ '3.1.3' ],
54 silly audit   '@types/d3-ease': [ '3.0.2' ],
54 silly audit   '@types/d3-interpolate': [ '3.0.4' ],
54 silly audit   '@types/d3-path': [ '3.1.1' ],
54 silly audit   '@types/d3-scale': [ '4.0.9' ],
54 silly audit   '@types/d3-shape': [ '3.2.0' ],
54 silly audit   '@types/d3-time': [ '3.0.4' ],
54 silly audit   '@types/d3-timer': [ '3.0.2' ],
54 silly audit   '@types/node': [ '26.2.0' ],
54 silly audit   '@types/react': [ '19.2.18' ],
54 silly audit   '@types/react-dom': [ '19.2.4' ],
54 silly audit   '@types/use-sync-external-store': [ '0.0.6' ],
54 silly audit   '@vitejs/plugin-react': [ '6.1.0' ],
54 silly audit   'ansi-regex': [ '5.0.1' ],
54 silly audit   'ansi-styles': [ '4.3.0' ],
54 silly audit   chokidar: [ '5.0.0' ],
54 silly audit   cliui: [ '8.0.1' ],
54 silly audit   clsx: [ '2.1.1' ],
54 silly audit   'color-convert': [ '2.0.1' ],
54 silly audit   'color-name': [ '1.1.4' ],
54 silly audit   cookie: [ '1.1.1' ],
54 silly audit   csstype: [ '3.2.3' ],
54 silly audit   'd3-array': [ '3.2.4' ],
54 silly audit   'd3-color': [ '3.1.0' ],
54 silly audit   'd3-ease': [ '3.0.1' ],
54 silly audit   'd3-format': [ '3.1.2' ],
54 silly audit   'd3-interpolate': [ '3.0.1' ],
54 silly audit   'd3-path': [ '3.1.0' ],
54 silly audit   'd3-scale': [ '4.0.2' ],
54 silly audit   'd3-shape': [ '3.2.0' ],
54 silly audit   'd3-time': [ '3.1.0' ],
54 silly audit   'd3-time-format': [ '4.1.0' ],
54 silly audit   'd3-timer': [ '3.0.1' ],
54 silly audit   'decimal.js-light': [ '2.5.1' ],
54 silly audit   'detect-libc': [ '2.1.2' ],
54 silly audit   'emoji-regex': [ '8.0.0' ],
54 silly audit   'es-toolkit': [ '1.52.0' ],
54 silly audit   escalade: [ '3.2.0' ],
54 silly audit   eventemitter3: [ '5.0.4' ],
54 silly audit   'faye-websocket': [ '0.11.4' ],
54 silly audit   fdir: [ '6.5.0' ],
54 silly audit   firebase: [ '12.18.0' ],
54 silly audit   fsevents: [ '2.3.3' ],
54 silly audit   'get-caller-file': [ '2.0.5' ],
54 silly audit   gsap: [ '3.15.0' ],
54 silly audit   'http-parser-js': [ '0.5.10' ],
54 silly audit   idb: [ '7.1.1' ],
54 silly audit   immer: [ '11.1.18' ],
54 silly audit   immutable: [ '5.1.9' ],
54 silly audit   internmap: [ '2.0.3' ],
54 silly audit   'is-extglob': [ '2.1.1' ],
54 silly audit   'is-fullwidth-code-point': [ '3.0.0' ],
54 silly audit   'is-glob': [ '4.0.3' ],
54 silly audit   leaflet: [ '1.9.4' ],
54 silly audit   lightningcss: [ '1.33.0' ],
54 silly audit   'lightningcss-android-arm64': [ '1.33.0' ],
54 silly audit   'lightningcss-darwin-arm64': [ '1.33.0' ],
54 silly audit   'lightningcss-darwin-x64': [ '1.33.0' ],
54 silly audit   'lightningcss-freebsd-x64': [ '1.33.0' ],
54 silly audit   'lightningcss-linux-arm-gnueabihf': [ '1.33.0' ],
54 silly audit   'lightningcss-linux-arm64-gnu': [ '1.33.0' ],
54 silly audit   'lightningcss-linux-arm64-musl': [ '1.33.0' ],
54 silly audit   'lightningcss-linux-x64-gnu': [ '1.33.0' ],
54 silly audit   'lightningcss-linux-x64-musl': [ '1.33.0' ],
54 silly audit   'lightningcss-win32-arm64-msvc': [ '1.33.0' ],
54 silly audit   'lightningcss-win32-x64-msvc': [ '1.33.0' ],
54 silly audit   'lodash.camelcase': [ '4.3.0' ],
54 silly audit   long: [ '5.3.2' ],
54 silly audit   nanoid: [ '3.3.18' ],
54 silly audit   'node-addon-api': [ '7.1.1' ],
54 silly audit   oxlint: [ '1.79.0' ],
54 silly audit   picocolors: [ '1.1.1' ],
54 silly audit   picomatch: [ '4.0.5' ],
54 silly audit   postcss: [ '8.5.26' ],
54 silly audit   protobufjs: [ '7.6.5' ],
54 silly audit   re2js: [ '2.8.6' ],
54 silly audit   react: [ '19.2.8' ],
54 silly audit   'react-dom': [ '19.2.8' ],
54 silly audit   'react-is': [ '19.2.8' ],
54 silly audit   'react-leaflet': [ '5.0.0' ],
54 silly audit   'react-redux': [ '9.3.0' ],
54 silly audit   'react-router': [ '7.18.2' ],
54 silly audit   'react-router-dom': [ '7.18.2' ],
54 silly audit   readdirp: [ '5.1.1' ],
54 silly audit   recharts: [ '3.10.1' ],
54 silly audit   redux: [ '5.0.1' ],
54 silly audit   'redux-thunk': [ '3.1.0' ],
54 silly audit   'require-directory': [ '2.1.1' ],
54 silly audit   reselect: [ '5.2.0' ],
54 silly audit   rolldown: [ '1.2.5' ],
54 silly audit   'safe-buffer': [ '5.2.1' ],
54 silly audit   sass: [ '1.103.1' ],
54 silly audit   scheduler: [ '0.27.0' ],
54 silly audit   'set-cookie-parser': [ '2.7.2' ],
54 silly audit   'source-map-js': [ '1.2.1' ],
54 silly audit   'string-width': [ '4.2.3' ],
54 silly audit   'strip-ansi': [ '6.0.1' ],
54 silly audit   'tiny-invariant': [ '1.3.3' ],
54 silly audit   tinyglobby: [ '0.2.17' ],
54 silly audit   tslib: [ '2.8.1' ],
54 silly audit   'undici-types': [ '8.3.0' ],
54 silly audit   'use-sync-external-store': [ '1.6.0' ],
54 silly audit   'victory-vendor': [ '37.3.6' ],
54 silly audit   vite: [ '8.2.2' ],
54 silly audit   'web-vitals': [ '4.2.4' ],
54 silly audit   'websocket-driver': [ '0.7.5' ],
54 silly audit   'websocket-extensions': [ '0.1.4' ],
54 silly audit   'wrap-ansi': [ '7.0.0' ],
54 silly audit   y18n: [ '5.0.8' ],
54 silly audit   yargs: [ '17.7.3' ],
54 silly audit   'yargs-parser': [ '21.1.1' ]
54 silly audit }
55 http cache @types/use-sync-external-store@https://registry.npmjs.org/@types/use-sync-external-store/-/use-sync-external-store-0.0.6.tgz 0ms (cache hit)
56 http cache @types/d3-timer@https://registry.npmjs.org/@types/d3-timer/-/d3-timer-3.0.2.tgz 0ms (cache hit)
57 http cache @types/d3-time@https://registry.npmjs.org/@types/d3-time/-/d3-time-3.0.4.tgz 0ms (cache hit)
58 http cache @types/d3-shape@https://registry.npmjs.org/@types/d3-shape/-/d3-shape-3.2.0.tgz 0ms (cache hit)
59 http cache @types/d3-path@https://registry.npmjs.org/@types/d3-path/-/d3-path-3.1.1.tgz 0ms (cache hit)
60 http cache @types/d3-interpolate@https://registry.npmjs.org/@types/d3-interpolate/-/d3-interpolate-3.0.4.tgz 0ms (cache hit)
61 http cache @types/d3-scale@https://registry.npmjs.org/@types/d3-scale/-/d3-scale-4.0.9.tgz 0ms (cache hit)
62 http cache @types/d3-ease@https://registry.npmjs.org/@types/d3-ease/-/d3-ease-3.0.2.tgz 0ms (cache hit)
63 http cache @types/d3-color@https://registry.npmjs.org/@types/d3-color/-/d3-color-3.1.3.tgz 0ms (cache hit)
64 http cache @types/d3-array@https://registry.npmjs.org/@types/d3-array/-/d3-array-3.2.2.tgz 0ms (cache hit)
65 http cache @standard-schema/utils@https://registry.npmjs.org/@standard-schema/utils/-/utils-0.3.0.tgz 0ms (cache hit)
66 http cache @standard-schema/spec@https://registry.npmjs.org/@standard-schema/spec/-/spec-1.1.0.tgz 0ms (cache hit)
67 http cache @reduxjs/toolkit@https://registry.npmjs.org/@reduxjs/toolkit/-/toolkit-2.12.0.tgz 0ms (cache hit)
68 http cache victory-vendor@https://registry.npmjs.org/victory-vendor/-/victory-vendor-37.3.6.tgz 0ms (cache hit)
69 http cache use-sync-external-store@https://registry.npmjs.org/use-sync-external-store/-/use-sync-external-store-1.6.0.tgz 0ms (cache hit)
70 http cache tiny-invariant@https://registry.npmjs.org/tiny-invariant/-/tiny-invariant-1.3.3.tgz 0ms (cache hit)
71 http cache redux-thunk@https://registry.npmjs.org/redux-thunk/-/redux-thunk-3.1.0.tgz 0ms (cache hit)
72 http cache reselect@https://registry.npmjs.org/reselect/-/reselect-5.2.0.tgz 0ms (cache hit)
73 http cache redux@https://registry.npmjs.org/redux/-/redux-5.0.1.tgz 0ms (cache hit)
74 http cache recharts@https://registry.npmjs.org/recharts/-/recharts-3.10.1.tgz 0ms (cache hit)
75 http cache react-redux@https://registry.npmjs.org/react-redux/-/react-redux-9.3.0.tgz 0ms (cache hit)
76 http cache internmap@https://registry.npmjs.org/internmap/-/internmap-2.0.3.tgz 0ms (cache hit)
77 http cache immer@https://registry.npmjs.org/immer/-/immer-11.1.18.tgz 0ms (cache hit)
78 http cache eventemitter3@https://registry.npmjs.org/eventemitter3/-/eventemitter3-5.0.4.tgz 0ms (cache hit)
79 http cache es-toolkit@https://registry.npmjs.org/es-toolkit/-/es-toolkit-1.52.0.tgz 0ms (cache hit)
80 http cache decimal.js-light@https://registry.npmjs.org/decimal.js-light/-/decimal.js-light-2.5.1.tgz 0ms (cache hit)
81 http cache d3-timer@https://registry.npmjs.org/d3-timer/-/d3-timer-3.0.1.tgz 0ms (cache hit)
82 http cache d3-time-format@https://registry.npmjs.org/d3-time-format/-/d3-time-format-4.1.0.tgz 0ms (cache hit)
83 http cache d3-time@https://registry.npmjs.org/d3-time/-/d3-time-3.1.0.tgz 0ms (cache hit)
84 http cache d3-shape@https://registry.npmjs.org/d3-shape/-/d3-shape-3.2.0.tgz 0ms (cache hit)
85 http cache d3-scale@https://registry.npmjs.org/d3-scale/-/d3-scale-4.0.2.tgz 0ms (cache hit)
86 http cache d3-path@https://registry.npmjs.org/d3-path/-/d3-path-3.1.0.tgz 0ms (cache hit)
87 http cache d3-interpolate@https://registry.npmjs.org/d3-interpolate/-/d3-interpolate-3.0.1.tgz 0ms (cache hit)
88 http cache d3-format@https://registry.npmjs.org/d3-format/-/d3-format-3.1.2.tgz 0ms (cache hit)
89 http cache d3-ease@https://registry.npmjs.org/d3-ease/-/d3-ease-3.0.1.tgz 0ms (cache hit)
90 http cache d3-color@https://registry.npmjs.org/d3-color/-/d3-color-3.1.0.tgz 0ms (cache hit)
91 silly tarball no local data for @types/use-sync-external-store@https://registry.npmjs.org/@types/use-sync-external-store/-/use-sync-external-store-0.0.6.tgz. Extracting by manifest.
92 silly tarball no local data for @types/d3-timer@https://registry.npmjs.org/@types/d3-timer/-/d3-timer-3.0.2.tgz. Extracting by manifest.
93 http cache d3-array@https://registry.npmjs.org/d3-array/-/d3-array-3.2.4.tgz 0ms (cache hit)
94 silly tarball no local data for @types/d3-time@https://registry.npmjs.org/@types/d3-time/-/d3-time-3.0.4.tgz. Extracting by manifest.
95 silly tarball no local data for @types/d3-shape@https://registry.npmjs.org/@types/d3-shape/-/d3-shape-3.2.0.tgz. Extracting by manifest.
96 http cache clsx@https://registry.npmjs.org/clsx/-/clsx-2.1.1.tgz 0ms (cache hit)
97 silly tarball no local data for @types/d3-path@https://registry.npmjs.org/@types/d3-path/-/d3-path-3.1.1.tgz. Extracting by manifest.
98 silly tarball no local data for @types/d3-interpolate@https://registry.npmjs.org/@types/d3-interpolate/-/d3-interpolate-3.0.4.tgz. Extracting by manifest.
99 silly tarball no local data for @types/d3-scale@https://registry.npmjs.org/@types/d3-scale/-/d3-scale-4.0.9.tgz. Extracting by manifest.
100 silly tarball no local data for @types/d3-ease@https://registry.npmjs.org/@types/d3-ease/-/d3-ease-3.0.2.tgz. Extracting by manifest.
101 silly tarball no local data for @types/d3-color@https://registry.npmjs.org/@types/d3-color/-/d3-color-3.1.3.tgz. Extracting by manifest.
102 silly tarball no local data for @types/d3-array@https://registry.npmjs.org/@types/d3-array/-/d3-array-3.2.2.tgz. Extracting by manifest.
103 silly tarball no local data for @standard-schema/utils@https://registry.npmjs.org/@standard-schema/utils/-/utils-0.3.0.tgz. Extracting by manifest.
104 silly tarball no local data for @standard-schema/spec@https://registry.npmjs.org/@standard-schema/spec/-/spec-1.1.0.tgz. Extracting by manifest.
105 silly tarball no local data for @reduxjs/toolkit@https://registry.npmjs.org/@reduxjs/toolkit/-/toolkit-2.12.0.tgz. Extracting by manifest.
106 silly tarball no local data for victory-vendor@https://registry.npmjs.org/victory-vendor/-/victory-vendor-37.3.6.tgz. Extracting by manifest.
107 silly tarball no local data for use-sync-external-store@https://registry.npmjs.org/use-sync-external-store/-/use-sync-external-store-1.6.0.tgz. Extracting by manifest.
108 silly tarball no local data for tiny-invariant@https://registry.npmjs.org/tiny-invariant/-/tiny-invariant-1.3.3.tgz. Extracting by manifest.
109 silly tarball no local data for redux-thunk@https://registry.npmjs.org/redux-thunk/-/redux-thunk-3.1.0.tgz. Extracting by manifest.
110 silly tarball no local data for reselect@https://registry.npmjs.org/reselect/-/reselect-5.2.0.tgz. Extracting by manifest.
111 silly tarball no local data for redux@https://registry.npmjs.org/redux/-/redux-5.0.1.tgz. Extracting by manifest.
112 silly tarball no local data for recharts@https://registry.npmjs.org/recharts/-/recharts-3.10.1.tgz. Extracting by manifest.
113 silly tarball no local data for react-redux@https://registry.npmjs.org/react-redux/-/react-redux-9.3.0.tgz. Extracting by manifest.
114 silly tarball no local data for internmap@https://registry.npmjs.org/internmap/-/internmap-2.0.3.tgz. Extracting by manifest.
115 silly tarball no local data for immer@https://registry.npmjs.org/immer/-/immer-11.1.18.tgz. Extracting by manifest.
116 silly tarball no local data for eventemitter3@https://registry.npmjs.org/eventemitter3/-/eventemitter3-5.0.4.tgz. Extracting by manifest.
117 silly tarball no local data for es-toolkit@https://registry.npmjs.org/es-toolkit/-/es-toolkit-1.52.0.tgz. Extracting by manifest.
118 silly tarball no local data for decimal.js-light@https://registry.npmjs.org/decimal.js-light/-/decimal.js-light-2.5.1.tgz. Extracting by manifest.
119 silly tarball no local data for d3-timer@https://registry.npmjs.org/d3-timer/-/d3-timer-3.0.1.tgz. Extracting by manifest.
120 silly tarball no local data for d3-time-format@https://registry.npmjs.org/d3-time-format/-/d3-time-format-4.1.0.tgz. Extracting by manifest.
121 silly tarball no local data for d3-time@https://registry.npmjs.org/d3-time/-/d3-time-3.1.0.tgz. Extracting by manifest.
122 silly tarball no local data for d3-shape@https://registry.npmjs.org/d3-shape/-/d3-shape-3.2.0.tgz. Extracting by manifest.
123 silly tarball no local data for d3-scale@https://registry.npmjs.org/d3-scale/-/d3-scale-4.0.2.tgz. Extracting by manifest.
124 silly tarball no local data for d3-path@https://registry.npmjs.org/d3-path/-/d3-path-3.1.0.tgz. Extracting by manifest.
125 silly tarball no local data for d3-interpolate@https://registry.npmjs.org/d3-interpolate/-/d3-interpolate-3.0.1.tgz. Extracting by manifest.
126 silly tarball no local data for d3-format@https://registry.npmjs.org/d3-format/-/d3-format-3.1.2.tgz. Extracting by manifest.
127 silly tarball no local data for d3-ease@https://registry.npmjs.org/d3-ease/-/d3-ease-3.0.1.tgz. Extracting by manifest.
128 silly tarball no local data for d3-color@https://registry.npmjs.org/d3-color/-/d3-color-3.1.0.tgz. Extracting by manifest.
129 silly tarball no local data for d3-array@https://registry.npmjs.org/d3-array/-/d3-array-3.2.4.tgz. Extracting by manifest.
130 silly tarball no local data for clsx@https://registry.npmjs.org/clsx/-/clsx-2.1.1.tgz. Extracting by manifest.
131 http fetch GET 200 https://registry.npmjs.org/@types/d3-color/-/d3-color-3.1.3.tgz 305ms (cache miss)
132 http fetch GET 200 https://registry.npmjs.org/@types/d3-time/-/d3-time-3.0.4.tgz 312ms (cache miss)
133 http fetch GET 200 https://registry.npmjs.org/@types/d3-ease/-/d3-ease-3.0.2.tgz 309ms (cache miss)
134 http fetch GET 200 https://registry.npmjs.org/@types/d3-path/-/d3-path-3.1.1.tgz 319ms (cache miss)
135 http fetch GET 200 https://registry.npmjs.org/@types/d3-timer/-/d3-timer-3.0.2.tgz 324ms (cache miss)
136 http fetch GET 200 https://registry.npmjs.org/@types/use-sync-external-store/-/use-sync-external-store-0.0.6.tgz 333ms (cache miss)
137 http fetch GET 200 https://registry.npmjs.org/@types/d3-interpolate/-/d3-interpolate-3.0.4.tgz 329ms (cache miss)
138 http fetch GET 200 https://registry.npmjs.org/@standard-schema/spec/-/spec-1.1.0.tgz 361ms (cache miss)
139 http fetch GET 200 https://registry.npmjs.org/@types/d3-array/-/d3-array-3.2.2.tgz 398ms (cache miss)
140 http fetch GET 200 https://registry.npmjs.org/@standard-schema/utils/-/utils-0.3.0.tgz 405ms (cache miss)
141 http fetch GET 200 https://registry.npmjs.org/internmap/-/internmap-2.0.3.tgz 409ms (cache miss)
142 http fetch GET 200 https://registry.npmjs.org/@types/d3-shape/-/d3-shape-3.2.0.tgz 454ms (cache miss)
143 http fetch GET 200 https://registry.npmjs.org/d3-path/-/d3-path-3.1.0.tgz 459ms (cache miss)
144 http fetch GET 200 https://registry.npmjs.org/redux-thunk/-/redux-thunk-3.1.0.tgz 466ms (cache miss)
145 http fetch GET 200 https://registry.npmjs.org/d3-timer/-/d3-timer-3.0.1.tgz 471ms (cache miss)
146 http fetch GET 200 https://registry.npmjs.org/@types/d3-scale/-/d3-scale-4.0.9.tgz 494ms (cache miss)
147 http fetch GET 200 https://registry.npmjs.org/clsx/-/clsx-2.1.1.tgz 492ms (cache miss)
148 http fetch GET 200 https://registry.npmjs.org/tiny-invariant/-/tiny-invariant-1.3.3.tgz 510ms (cache miss)
149 http fetch GET 200 https://registry.npmjs.org/d3-color/-/d3-color-3.1.0.tgz 538ms (cache miss)
150 http fetch GET 200 https://registry.npmjs.org/use-sync-external-store/-/use-sync-external-store-1.6.0.tgz 561ms (cache miss)
151 http fetch GET 200 https://registry.npmjs.org/eventemitter3/-/eventemitter3-5.0.4.tgz 580ms (cache miss)
152 http fetch GET 200 https://registry.npmjs.org/d3-ease/-/d3-ease-3.0.1.tgz 609ms (cache miss)
153 http fetch GET 200 https://registry.npmjs.org/decimal.js-light/-/decimal.js-light-2.5.1.tgz 620ms (cache miss)
154 http fetch GET 200 https://registry.npmjs.org/d3-time/-/d3-time-3.1.0.tgz 624ms (cache miss)
155 http fetch GET 200 https://registry.npmjs.org/d3-scale/-/d3-scale-4.0.2.tgz 697ms (cache miss)
156 http fetch GET 200 https://registry.npmjs.org/d3-interpolate/-/d3-interpolate-3.0.1.tgz 708ms (cache miss)
157 http fetch GET 200 https://registry.npmjs.org/redux/-/redux-5.0.1.tgz 719ms (cache miss)
158 http fetch GET 200 https://registry.npmjs.org/reselect/-/reselect-5.2.0.tgz 763ms (cache miss)
159 http fetch GET 200 https://registry.npmjs.org/d3-time-format/-/d3-time-format-4.1.0.tgz 760ms (cache miss)
160 http fetch GET 200 https://registry.npmjs.org/immer/-/immer-11.1.18.tgz 796ms (cache miss)
161 http fetch POST 200 https://registry.npmjs.org/-/npm/v1/security/advisories/bulk 866ms
162 silly audit report {}
163 http fetch GET 200 https://registry.npmjs.org/react-redux/-/react-redux-9.3.0.tgz 849ms (cache miss)
164 http fetch GET 200 https://registry.npmjs.org/d3-array/-/d3-array-3.2.4.tgz 848ms (cache miss)
165 http fetch GET 200 https://registry.npmjs.org/d3-format/-/d3-format-3.1.2.tgz 861ms (cache miss)
166 http fetch GET 200 https://registry.npmjs.org/d3-shape/-/d3-shape-3.2.0.tgz 869ms (cache miss)
167 http fetch GET 200 https://registry.npmjs.org/@reduxjs/toolkit/-/toolkit-2.12.0.tgz 1417ms (cache miss)
168 http fetch GET 200 https://registry.npmjs.org/victory-vendor/-/victory-vendor-37.3.6.tgz 1490ms (cache miss)
169 http fetch GET 200 https://registry.npmjs.org/recharts/-/recharts-3.10.1.tgz 2351ms (cache miss)
170 http fetch GET 200 https://registry.npmjs.org/es-toolkit/-/es-toolkit-1.52.0.tgz 5235ms (cache miss)
171 silly CHANGE node_modules/@types/use-sync-external-store
172 silly CHANGE node_modules/@types/d3-timer
173 silly CHANGE node_modules/@types/d3-time
174 silly CHANGE node_modules/@types/d3-shape
175 silly CHANGE node_modules/@types/d3-scale
176 silly CHANGE node_modules/@types/d3-path
177 silly CHANGE node_modules/@types/d3-interpolate
178 silly CHANGE node_modules/@types/d3-ease
179 silly CHANGE node_modules/@types/d3-color
180 silly CHANGE node_modules/@types/d3-array
181 silly CHANGE node_modules/@standard-schema/utils
182 silly CHANGE node_modules/@standard-schema/spec
183 silly CHANGE node_modules/@reduxjs/toolkit
184 silly CHANGE node_modules/victory-vendor
185 silly CHANGE node_modules/use-sync-external-store
186 silly CHANGE node_modules/tiny-invariant
187 silly CHANGE node_modules/reselect
188 silly CHANGE node_modules/redux-thunk
189 silly CHANGE node_modules/redux
190 silly CHANGE node_modules/recharts
191 silly CHANGE node_modules/react-redux
192 silly CHANGE node_modules/internmap
193 silly CHANGE node_modules/immer
194 silly CHANGE node_modules/eventemitter3
195 silly CHANGE node_modules/es-toolkit
196 silly CHANGE node_modules/decimal.js-light
197 silly CHANGE node_modules/d3-timer
198 silly CHANGE node_modules/d3-time-format
199 silly CHANGE node_modules/d3-time
200 silly CHANGE node_modules/d3-shape
201 silly CHANGE node_modules/d3-scale
202 silly CHANGE node_modules/d3-path
203 silly CHANGE node_modules/d3-interpolate
204 silly CHANGE node_modules/d3-format
205 silly CHANGE node_modules/d3-ease
206 silly CHANGE node_modules/d3-color
207 silly CHANGE node_modules/d3-array
208 silly CHANGE node_modules/clsx
209 verbose cwd C:\LCODE2
210 verbose os Windows_NT 10.0.19045
211 verbose node v24.17.0
212 verbose npm  v11.13.0
213 verbose exit 0
214 info ok
