0 verbose cli C:\Program Files\nodejs\node.exe C:\Program Files\nodejs\node_modules\npm\bin\npm-cli.js
1 info using npm@11.13.0
2 info using node@v24.17.0
3 silly config load:file:C:\Program Files\nodejs\node_modules\npm\npmrc
4 silly config load:file:C:\LCODE2\.npmrc
5 silly config load:file:C:\Users\이젠아카데미\.npmrc
6 silly config load:file:C:\Users\이젠아카데미\AppData\Roaming\npm\etc\npmrc
7 verbose title npm install
8 verbose argv "install" "--ignore-scripts" "--cache" ".npm-cache"
9 verbose logfile logs-max:10 dir:C:\LCODE2\.npm-cache\_logs\2026-09-04T08_37_33_531Z-
10 verbose logfile C:\LCODE2\.npm-cache\_logs\2026-09-04T08_37_33_531Z-debug-0.log
11 silly logfile done cleaning log files
12 silly packumentCache heap:4496293888 maxSize:1124073472 maxEntrySize:562036736
13 http fetch GET https://registry.npmjs.org/npm attempt 1 failed with EACCES
14 verbose shrinkwrap failed to load node_modules/.package-lock.json out of date, updated: node_modules
15 silly idealTree buildDeps
16 silly reify mark retired [ 'C:\\LCODE2\\node_modules\\clsx' ]
17 silly reify mark retired [ 'C:\\LCODE2\\node_modules\\d3-array' ]
18 silly reify mark retired [ 'C:\\LCODE2\\node_modules\\d3-color' ]
19 silly reify mark retired [ 'C:\\LCODE2\\node_modules\\d3-ease' ]
20 silly reify mark retired [ 'C:\\LCODE2\\node_modules\\d3-format' ]
21 silly reify mark retired [ 'C:\\LCODE2\\node_modules\\d3-interpolate' ]
22 silly reify mark retired [ 'C:\\LCODE2\\node_modules\\d3-path' ]
23 silly reify mark retired [ 'C:\\LCODE2\\node_modules\\d3-scale' ]
24 silly reify mark retired [ 'C:\\LCODE2\\node_modules\\d3-shape' ]
25 silly reify mark retired [ 'C:\\LCODE2\\node_modules\\d3-time' ]
26 silly reify mark retired [ 'C:\\LCODE2\\node_modules\\d3-time-format' ]
27 silly reify mark retired [ 'C:\\LCODE2\\node_modules\\d3-timer' ]
28 silly reify mark retired [ 'C:\\LCODE2\\node_modules\\decimal.js-light' ]
29 silly reify mark retired [ 'C:\\LCODE2\\node_modules\\es-toolkit' ]
30 silly reify mark retired [ 'C:\\LCODE2\\node_modules\\eventemitter3' ]
31 silly reify mark retired [ 'C:\\LCODE2\\node_modules\\immer' ]
32 silly reify mark retired [ 'C:\\LCODE2\\node_modules\\internmap' ]
33 silly reify mark retired [ 'C:\\LCODE2\\node_modules\\react-redux' ]
34 silly reify mark retired [ 'C:\\LCODE2\\node_modules\\recharts' ]
35 silly reify mark retired [ 'C:\\LCODE2\\node_modules\\redux' ]
36 silly reify mark retired [ 'C:\\LCODE2\\node_modules\\redux-thunk' ]
37 silly reify mark retired [ 'C:\\LCODE2\\node_modules\\reselect' ]
38 silly reify mark retired [ 'C:\\LCODE2\\node_modules\\tiny-invariant' ]
39 silly reify mark retired [ 'C:\\LCODE2\\node_modules\\use-sync-external-store' ]
40 silly reify mark retired [ 'C:\\LCODE2\\node_modules\\victory-vendor' ]
41 silly reify mark retired [ 'C:\\LCODE2\\node_modules\\@reduxjs\\toolkit' ]
42 silly reify mark retired [ 'C:\\LCODE2\\node_modules\\@standard-schema\\spec' ]
43 silly reify mark retired [ 'C:\\LCODE2\\node_modules\\@standard-schema\\utils' ]
44 silly reify mark retired [ 'C:\\LCODE2\\node_modules\\@types\\d3-array' ]
45 silly reify mark retired [ 'C:\\LCODE2\\node_modules\\@types\\d3-color' ]
46 silly reify mark retired [ 'C:\\LCODE2\\node_modules\\@types\\d3-ease' ]
47 silly reify mark retired [ 'C:\\LCODE2\\node_modules\\@types\\d3-interpolate' ]
48 silly reify mark retired [ 'C:\\LCODE2\\node_modules\\@types\\d3-path' ]
49 silly reify mark retired [ 'C:\\LCODE2\\node_modules\\@types\\d3-scale' ]
50 silly reify mark retired [ 'C:\\LCODE2\\node_modules\\@types\\d3-shape' ]
51 silly reify mark retired [ 'C:\\LCODE2\\node_modules\\@types\\d3-time' ]
52 silly reify mark retired [ 'C:\\LCODE2\\node_modules\\@types\\d3-timer' ]
53 silly reify mark retired [ 'C:\\LCODE2\\node_modules\\@types\\use-sync-external-store' ]
54 silly reify moves {
54 silly reify   'C:\\LCODE2\\node_modules\\clsx': 'C:\\LCODE2\\node_modules\\.clsx-gJLA3Sd8',
54 silly reify   'C:\\LCODE2\\node_modules\\d3-array': 'C:\\LCODE2\\node_modules\\.d3-array-DaqZL6H2',
54 silly reify   'C:\\LCODE2\\node_modules\\d3-color': 'C:\\LCODE2\\node_modules\\.d3-color-swHMHPDh',
54 silly reify   'C:\\LCODE2\\node_modules\\d3-ease': 'C:\\LCODE2\\node_modules\\.d3-ease-c488VQyK',
54 silly reify   'C:\\LCODE2\\node_modules\\d3-format': 'C:\\LCODE2\\node_modules\\.d3-format-kjwR1NgB',
54 silly reify   'C:\\LCODE2\\node_modules\\d3-interpolate': 'C:\\LCODE2\\node_modules\\.d3-interpolate-cnHiQgyO',
54 silly reify   'C:\\LCODE2\\node_modules\\d3-path': 'C:\\LCODE2\\node_modules\\.d3-path-N86iOBgv',
54 silly reify   'C:\\LCODE2\\node_modules\\d3-scale': 'C:\\LCODE2\\node_modules\\.d3-scale-G68MxGki',
54 silly reify   'C:\\LCODE2\\node_modules\\d3-shape': 'C:\\LCODE2\\node_modules\\.d3-shape-5ClMF72l',
54 silly reify   'C:\\LCODE2\\node_modules\\d3-time': 'C:\\LCODE2\\node_modules\\.d3-time-HSYXxyJr',
54 silly reify   'C:\\LCODE2\\node_modules\\d3-time-format': 'C:\\LCODE2\\node_modules\\.d3-time-format-AHqEXSHJ',
54 silly reify   'C:\\LCODE2\\node_modules\\d3-timer': 'C:\\LCODE2\\node_modules\\.d3-timer-0ih7pmj0',
54 silly reify   'C:\\LCODE2\\node_modules\\decimal.js-light': 'C:\\LCODE2\\node_modules\\.decimal.js-light-fjarOPan',
54 silly reify   'C:\\LCODE2\\node_modules\\es-toolkit': 'C:\\LCODE2\\node_modules\\.es-toolkit-cYnMizEo',
54 silly reify   'C:\\LCODE2\\node_modules\\eventemitter3': 'C:\\LCODE2\\node_modules\\.eventemitter3-0sCbuZe3',
54 silly reify   'C:\\LCODE2\\node_modules\\immer': 'C:\\LCODE2\\node_modules\\.immer-jk0wwtV1',
54 silly reify   'C:\\LCODE2\\node_modules\\internmap': 'C:\\LCODE2\\node_modules\\.internmap-1B69A5EV',
54 silly reify   'C:\\LCODE2\\node_modules\\react-redux': 'C:\\LCODE2\\node_modules\\.react-redux-9kJ3b1CA',
54 silly reify   'C:\\LCODE2\\node_modules\\recharts': 'C:\\LCODE2\\node_modules\\.recharts-IDuaPA1N',
54 silly reify   'C:\\LCODE2\\node_modules\\redux': 'C:\\LCODE2\\node_modules\\.redux-YrbJCqQ1',
54 silly reify   'C:\\LCODE2\\node_modules\\redux-thunk': 'C:\\LCODE2\\node_modules\\.redux-thunk-FFLgCWaA',
54 silly reify   'C:\\LCODE2\\node_modules\\reselect': 'C:\\LCODE2\\node_modules\\.reselect-JKQu3b5t',
54 silly reify   'C:\\LCODE2\\node_modules\\tiny-invariant': 'C:\\LCODE2\\node_modules\\.tiny-invariant-ZePKQ4wg',
54 silly reify   'C:\\LCODE2\\node_modules\\use-sync-external-store': 'C:\\LCODE2\\node_modules\\.use-sync-external-store-G6xkhhKZ',
54 silly reify   'C:\\LCODE2\\node_modules\\victory-vendor': 'C:\\LCODE2\\node_modules\\.victory-vendor-Uoz4kMne',
54 silly reify   'C:\\LCODE2\\node_modules\\@reduxjs\\toolkit': 'C:\\LCODE2\\node_modules\\@reduxjs\\.toolkit-iTGV44tD',
54 silly reify   'C:\\LCODE2\\node_modules\\@standard-schema\\spec': 'C:\\LCODE2\\node_modules\\@standard-schema\\.spec-b2EjKyJG',
54 silly reify   'C:\\LCODE2\\node_modules\\@standard-schema\\utils': 'C:\\LCODE2\\node_modules\\@standard-schema\\.utils-EevEGZ09',
54 silly reify   'C:\\LCODE2\\node_modules\\@types\\d3-array': 'C:\\LCODE2\\node_modules\\@types\\.d3-array-mLUWp9X1',
54 silly reify   'C:\\LCODE2\\node_modules\\@types\\d3-color': 'C:\\LCODE2\\node_modules\\@types\\.d3-color-MuIkWUJu',
54 silly reify   'C:\\LCODE2\\node_modules\\@types\\d3-ease': 'C:\\LCODE2\\node_modules\\@types\\.d3-ease-q0ewaMA7',
54 silly reify   'C:\\LCODE2\\node_modules\\@types\\d3-interpolate': 'C:\\LCODE2\\node_modules\\@types\\.d3-interpolate-qjn1ShbR',
54 silly reify   'C:\\LCODE2\\node_modules\\@types\\d3-path': 'C:\\LCODE2\\node_modules\\@types\\.d3-path-YHBcTF5c',
54 silly reify   'C:\\LCODE2\\node_modules\\@types\\d3-scale': 'C:\\LCODE2\\node_modules\\@types\\.d3-scale-82gzrISu',
54 silly reify   'C:\\LCODE2\\node_modules\\@types\\d3-shape': 'C:\\LCODE2\\node_modules\\@types\\.d3-shape-sjKij34W',
54 silly reify   'C:\\LCODE2\\node_modules\\@types\\d3-time': 'C:\\LCODE2\\node_modules\\@types\\.d3-time-ilW4dcK9',
54 silly reify   'C:\\LCODE2\\node_modules\\@types\\d3-timer': 'C:\\LCODE2\\node_modules\\@types\\.d3-timer-1K6O8veC',
54 silly reify   'C:\\LCODE2\\node_modules\\@types\\use-sync-external-store': 'C:\\LCODE2\\node_modules\\@types\\.use-sync-external-store-Vhj8stOw'
54 silly reify }
55 silly audit bulk request {
55 silly audit   '@firebase/ai': [ '2.15.0' ],
55 silly audit   '@firebase/analytics': [ '0.10.24' ],
55 silly audit   '@firebase/analytics-compat': [ '0.2.30' ],
55 silly audit   '@firebase/analytics-types': [ '0.8.5' ],
55 silly audit   '@firebase/app': [ '0.16.1' ],
55 silly audit   '@firebase/app-check': [ '0.13.1' ],
55 silly audit   '@firebase/app-check-compat': [ '0.4.7' ],
55 silly audit   '@firebase/app-check-interop-types': [ '0.3.5' ],
55 silly audit   '@firebase/app-check-types': [ '0.5.5' ],
55 silly audit   '@firebase/app-compat': [ '0.5.17' ],
55 silly audit   '@firebase/app-types': [ '0.9.6' ],
55 silly audit   '@firebase/auth': [ '1.13.5' ],
55 silly audit   '@firebase/auth-compat': [ '0.6.10' ],
55 silly audit   '@firebase/auth-interop-types': [ '0.2.6' ],
55 silly audit   '@firebase/auth-types': [ '0.13.2' ],
55 silly audit   '@firebase/component': [ '0.7.5' ],
55 silly audit   '@firebase/data-connect': [ '0.7.4' ],
55 silly audit   '@firebase/database': [ '1.1.5' ],
55 silly audit   '@firebase/database-compat': [ '2.1.7' ],
55 silly audit   '@firebase/database-types': [ '1.0.22' ],
55 silly audit   '@firebase/firestore': [ '4.17.1' ],
55 silly audit   '@firebase/firestore-compat': [ '0.4.13' ],
55 silly audit   '@firebase/firestore-types': [ '3.0.5' ],
55 silly audit   '@firebase/functions': [ '0.14.0' ],
55 silly audit   '@firebase/functions-compat': [ '0.5.0' ],
55 silly audit   '@firebase/functions-types': [ '0.6.5' ],
55 silly audit   '@firebase/installations': [ '0.6.24' ],
55 silly audit   '@firebase/installations-compat': [ '0.2.24' ],
55 silly audit   '@firebase/installations-types': [ '0.5.5' ],
55 silly audit   '@firebase/logger': [ '0.5.2' ],
55 silly audit   '@firebase/messaging': [ '0.13.2' ],
55 silly audit   '@firebase/messaging-compat': [ '0.2.29' ],
55 silly audit   '@firebase/messaging-interop-types': [ '0.2.6' ],
55 silly audit   '@firebase/performance': [ '0.7.14' ],
55 silly audit   '@firebase/performance-compat': [ '0.2.27' ],
55 silly audit   '@firebase/performance-types': [ '0.2.5' ],
55 silly audit   '@firebase/remote-config': [ '0.9.2' ],
55 silly audit   '@firebase/remote-config-compat': [ '0.2.29' ],
55 silly audit   '@firebase/remote-config-types': [ '0.5.2' ],
55 silly audit   '@firebase/storage': [ '0.14.5' ],
55 silly audit   '@firebase/storage-compat': [ '0.4.5' ],
55 silly audit   '@firebase/storage-types': [ '0.8.5' ],
55 silly audit   '@firebase/util': [ '1.15.3' ],
55 silly audit   '@firebase/webchannel-wrapper': [ '1.0.7' ],
55 silly audit   '@grpc/grpc-js': [ '1.9.16' ],
55 silly audit   '@grpc/proto-loader': [ '0.7.15' ],
55 silly audit   '@oxc-project/types': [ '0.146.0' ],
55 silly audit   '@oxlint/binding-android-arm-eabi': [ '1.79.0' ],
55 silly audit   '@oxlint/binding-android-arm64': [ '1.79.0' ],
55 silly audit   '@oxlint/binding-darwin-arm64': [ '1.79.0' ],
55 silly audit   '@oxlint/binding-darwin-x64': [ '1.79.0' ],
55 silly audit   '@oxlint/binding-freebsd-x64': [ '1.79.0' ],
55 silly audit   '@oxlint/binding-linux-arm-gnueabihf': [ '1.79.0' ],
55 silly audit   '@oxlint/binding-linux-arm-musleabihf': [ '1.79.0' ],
55 silly audit   '@oxlint/binding-linux-arm64-gnu': [ '1.79.0' ],
55 silly audit   '@oxlint/binding-linux-arm64-musl': [ '1.79.0' ],
55 silly audit   '@oxlint/binding-linux-ppc64-gnu': [ '1.79.0' ],
55 silly audit   '@oxlint/binding-linux-riscv64-gnu': [ '1.79.0' ],
55 silly audit   '@oxlint/binding-linux-riscv64-musl': [ '1.79.0' ],
55 silly audit   '@oxlint/binding-linux-s390x-gnu': [ '1.79.0' ],
55 silly audit   '@oxlint/binding-linux-x64-gnu': [ '1.79.0' ],
55 silly audit   '@oxlint/binding-linux-x64-musl': [ '1.79.0' ],
55 silly audit   '@oxlint/binding-openharmony-arm64': [ '1.79.0' ],
55 silly audit   '@oxlint/binding-win32-arm64-msvc': [ '1.79.0' ],
55 silly audit   '@oxlint/binding-win32-ia32-msvc': [ '1.79.0' ],
55 silly audit   '@oxlint/binding-win32-x64-msvc': [ '1.79.0' ],
55 silly audit   '@parcel/watcher': [ '2.6.0' ],
55 silly audit   '@parcel/watcher-android-arm64': [ '2.6.0' ],
55 silly audit   '@parcel/watcher-darwin-arm64': [ '2.6.0' ],
55 silly audit   '@parcel/watcher-darwin-x64': [ '2.6.0' ],
55 silly audit   '@parcel/watcher-freebsd-x64': [ '2.6.0' ],
55 silly audit   '@parcel/watcher-linux-arm-glibc': [ '2.6.0' ],
55 silly audit   '@parcel/watcher-linux-arm-musl': [ '2.6.0' ],
55 silly audit   '@parcel/watcher-linux-arm64-glibc': [ '2.6.0' ],
55 silly audit   '@parcel/watcher-linux-arm64-musl': [ '2.6.0' ],
55 silly audit   '@parcel/watcher-linux-x64-glibc': [ '2.6.0' ],
55 silly audit   '@parcel/watcher-linux-x64-musl': [ '2.6.0' ],
55 silly audit   '@parcel/watcher-win32-arm64': [ '2.6.0' ],
55 silly audit   '@parcel/watcher-win32-x64': [ '2.6.0' ],
55 silly audit   '@protobufjs/aspromise': [ '1.1.2' ],
55 silly audit   '@protobufjs/base64': [ '1.1.2' ],
55 silly audit   '@protobufjs/codegen': [ '2.0.5' ],
55 silly audit   '@protobufjs/eventemitter': [ '1.1.1' ],
55 silly audit   '@protobufjs/fetch': [ '1.1.1' ],
55 silly audit   '@protobufjs/float': [ '1.0.2' ],
55 silly audit   '@protobufjs/path': [ '1.1.2' ],
55 silly audit   '@protobufjs/pool': [ '1.1.0' ],
55 silly audit   '@protobufjs/utf8': [ '1.1.2' ],
55 silly audit   '@react-leaflet/core': [ '3.0.0' ],
55 silly audit   '@reduxjs/toolkit': [ '2.12.0' ],
55 silly audit   '@rolldown/binding-android-arm-eabi': [ '1.2.5' ],
55 silly audit   '@rolldown/binding-android-arm64': [ '1.2.5' ],
55 silly audit   '@rolldown/binding-darwin-arm64': [ '1.2.5' ],
55 silly audit   '@rolldown/binding-darwin-x64': [ '1.2.5' ],
55 silly audit   '@rolldown/binding-freebsd-x64': [ '1.2.5' ],
55 silly audit   '@rolldown/binding-linux-arm-gnueabihf': [ '1.2.5' ],
55 silly audit   '@rolldown/binding-linux-arm64-gnu': [ '1.2.5' ],
55 silly audit   '@rolldown/binding-linux-arm64-musl': [ '1.2.5' ],
55 silly audit   '@rolldown/binding-linux-ppc64-gnu': [ '1.2.5' ],
55 silly audit   '@rolldown/binding-linux-s390x-gnu': [ '1.2.5' ],
55 silly audit   '@rolldown/binding-linux-x64-gnu': [ '1.2.5' ],
55 silly audit   '@rolldown/binding-linux-x64-musl': [ '1.2.5' ],
55 silly audit   '@rolldown/binding-openharmony-arm64': [ '1.2.5' ],
55 silly audit   '@rolldown/binding-win32-arm64-msvc': [ '1.2.5' ],
55 silly audit   '@rolldown/binding-win32-x64-msvc': [ '1.2.5' ],
55 silly audit   '@rolldown/pluginutils': [ '1.0.1' ],
55 silly audit   '@standard-schema/spec': [ '1.1.0' ],
55 silly audit   '@standard-schema/utils': [ '0.3.0' ],
55 silly audit   '@types/d3-array': [ '3.2.2' ],
55 silly audit   '@types/d3-color': [ '3.1.3' ],
55 silly audit   '@types/d3-ease': [ '3.0.2' ],
55 silly audit   '@types/d3-interpolate': [ '3.0.4' ],
55 silly audit   '@types/d3-path': [ '3.1.1' ],
55 silly audit   '@types/d3-scale': [ '4.0.9' ],
55 silly audit   '@types/d3-shape': [ '3.2.0' ],
55 silly audit   '@types/d3-time': [ '3.0.4' ],
55 silly audit   '@types/d3-timer': [ '3.0.2' ],
55 silly audit   '@types/node': [ '26.2.0' ],
55 silly audit   '@types/react': [ '19.2.18' ],
55 silly audit   '@types/react-dom': [ '19.2.4' ],
55 silly audit   '@types/use-sync-external-store': [ '0.0.6' ],
55 silly audit   '@vitejs/plugin-react': [ '6.1.0' ],
55 silly audit   'ansi-regex': [ '5.0.1' ],
55 silly audit   'ansi-styles': [ '4.3.0' ],
55 silly audit   chokidar: [ '5.0.0' ],
55 silly audit   cliui: [ '8.0.1' ],
55 silly audit   clsx: [ '2.1.1' ],
55 silly audit   'color-convert': [ '2.0.1' ],
55 silly audit   'color-name': [ '1.1.4' ],
55 silly audit   cookie: [ '1.1.1' ],
55 silly audit   csstype: [ '3.2.3' ],
55 silly audit   'd3-array': [ '3.2.4' ],
55 silly audit   'd3-color': [ '3.1.0' ],
55 silly audit   'd3-ease': [ '3.0.1' ],
55 silly audit   'd3-format': [ '3.1.2' ],
55 silly audit   'd3-interpolate': [ '3.0.1' ],
55 silly audit   'd3-path': [ '3.1.0' ],
55 silly audit   'd3-scale': [ '4.0.2' ],
55 silly audit   'd3-shape': [ '3.2.0' ],
55 silly audit   'd3-time': [ '3.1.0' ],
55 silly audit   'd3-time-format': [ '4.1.0' ],
55 silly audit   'd3-timer': [ '3.0.1' ],
55 silly audit   'decimal.js-light': [ '2.5.1' ],
55 silly audit   'detect-libc': [ '2.1.2' ],
55 silly audit   'emoji-regex': [ '8.0.0' ],
55 silly audit   'es-toolkit': [ '1.52.0' ],
55 silly audit   escalade: [ '3.2.0' ],
55 silly audit   eventemitter3: [ '5.0.4' ],
55 silly audit   'faye-websocket': [ '0.11.4' ],
55 silly audit   fdir: [ '6.5.0' ],
55 silly audit   firebase: [ '12.18.0' ],
55 silly audit   fsevents: [ '2.3.3' ],
55 silly audit   'get-caller-file': [ '2.0.5' ],
55 silly audit   gsap: [ '3.15.0' ],
55 silly audit   'http-parser-js': [ '0.5.10' ],
55 silly audit   idb: [ '7.1.1' ],
55 silly audit   immer: [ '11.1.18' ],
55 silly audit   immutable: [ '5.1.9' ],
55 silly audit   internmap: [ '2.0.3' ],
55 silly audit   'is-extglob': [ '2.1.1' ],
55 silly audit   'is-fullwidth-code-point': [ '3.0.0' ],
55 silly audit   'is-glob': [ '4.0.3' ],
55 silly audit   leaflet: [ '1.9.4' ],
55 silly audit   lightningcss: [ '1.33.0' ],
55 silly audit   'lightningcss-android-arm64': [ '1.33.0' ],
55 silly audit   'lightningcss-darwin-arm64': [ '1.33.0' ],
55 silly audit   'lightningcss-darwin-x64': [ '1.33.0' ],
55 silly audit   'lightningcss-freebsd-x64': [ '1.33.0' ],
55 silly audit   'lightningcss-linux-arm-gnueabihf': [ '1.33.0' ],
55 silly audit   'lightningcss-linux-arm64-gnu': [ '1.33.0' ],
55 silly audit   'lightningcss-linux-arm64-musl': [ '1.33.0' ],
55 silly audit   'lightningcss-linux-x64-gnu': [ '1.33.0' ],
55 silly audit   'lightningcss-linux-x64-musl': [ '1.33.0' ],
55 silly audit   'lightningcss-win32-arm64-msvc': [ '1.33.0' ],
55 silly audit   'lightningcss-win32-x64-msvc': [ '1.33.0' ],
55 silly audit   'lodash.camelcase': [ '4.3.0' ],
55 silly audit   long: [ '5.3.2' ],
55 silly audit   nanoid: [ '3.3.18' ],
55 silly audit   'node-addon-api': [ '7.1.1' ],
55 silly audit   oxlint: [ '1.79.0' ],
55 silly audit   picocolors: [ '1.1.1' ],
55 silly audit   picomatch: [ '4.0.5' ],
55 silly audit   postcss: [ '8.5.26' ],
55 silly audit   protobufjs: [ '7.6.5' ],
55 silly audit   re2js: [ '2.8.6' ],
55 silly audit   react: [ '19.2.8' ],
55 silly audit   'react-dom': [ '19.2.8' ],
55 silly audit   'react-is': [ '19.2.8' ],
55 silly audit   'react-leaflet': [ '5.0.0' ],
55 silly audit   'react-redux': [ '9.3.0' ],
55 silly audit   'react-router': [ '7.18.2' ],
55 silly audit   'react-router-dom': [ '7.18.2' ],
55 silly audit   readdirp: [ '5.1.1' ],
55 silly audit   recharts: [ '3.10.1' ],
55 silly audit   redux: [ '5.0.1' ],
55 silly audit   'redux-thunk': [ '3.1.0' ],
55 silly audit   'require-directory': [ '2.1.1' ],
55 silly audit   reselect: [ '5.2.0' ],
55 silly audit   rolldown: [ '1.2.5' ],
55 silly audit   'safe-buffer': [ '5.2.1' ],
55 silly audit   sass: [ '1.103.1' ],
55 silly audit   scheduler: [ '0.27.0' ],
55 silly audit   'set-cookie-parser': [ '2.7.2' ],
55 silly audit   'source-map-js': [ '1.2.1' ],
55 silly audit   'string-width': [ '4.2.3' ],
55 silly audit   'strip-ansi': [ '6.0.1' ],
55 silly audit   'tiny-invariant': [ '1.3.3' ],
55 silly audit   tinyglobby: [ '0.2.17' ],
55 silly audit   tslib: [ '2.8.1' ],
55 silly audit   'undici-types': [ '8.3.0' ],
55 silly audit   'use-sync-external-store': [ '1.6.0' ],
55 silly audit   'victory-vendor': [ '37.3.6' ],
55 silly audit   vite: [ '8.2.2' ],
55 silly audit   'web-vitals': [ '4.2.4' ],
55 silly audit   'websocket-driver': [ '0.7.5' ],
55 silly audit   'websocket-extensions': [ '0.1.4' ],
55 silly audit   'wrap-ansi': [ '7.0.0' ],
55 silly audit   y18n: [ '5.0.8' ],
55 silly audit   yargs: [ '17.7.3' ],
55 silly audit   'yargs-parser': [ '21.1.1' ]
55 silly audit }
56 http cache @types/use-sync-external-store@https://registry.npmjs.org/@types/use-sync-external-store/-/use-sync-external-store-0.0.6.tgz 1ms (cache hit)
57 http cache @types/d3-timer@https://registry.npmjs.org/@types/d3-timer/-/d3-timer-3.0.2.tgz 1ms (cache hit)
58 http cache @types/d3-time@https://registry.npmjs.org/@types/d3-time/-/d3-time-3.0.4.tgz 0ms (cache hit)
59 http cache @types/d3-shape@https://registry.npmjs.org/@types/d3-shape/-/d3-shape-3.2.0.tgz 0ms (cache hit)
60 http cache @types/d3-scale@https://registry.npmjs.org/@types/d3-scale/-/d3-scale-4.0.9.tgz 0ms (cache hit)
61 http cache @types/d3-path@https://registry.npmjs.org/@types/d3-path/-/d3-path-3.1.1.tgz 0ms (cache hit)
62 http cache @types/d3-interpolate@https://registry.npmjs.org/@types/d3-interpolate/-/d3-interpolate-3.0.4.tgz 0ms (cache hit)
63 http cache @types/d3-ease@https://registry.npmjs.org/@types/d3-ease/-/d3-ease-3.0.2.tgz 0ms (cache hit)
64 http cache @standard-schema/utils@https://registry.npmjs.org/@standard-schema/utils/-/utils-0.3.0.tgz 0ms (cache hit)
65 http cache @types/d3-array@https://registry.npmjs.org/@types/d3-array/-/d3-array-3.2.2.tgz 0ms (cache hit)
66 http cache @types/d3-color@https://registry.npmjs.org/@types/d3-color/-/d3-color-3.1.3.tgz 0ms (cache hit)
67 http cache @reduxjs/toolkit@https://registry.npmjs.org/@reduxjs/toolkit/-/toolkit-2.12.0.tgz 0ms (cache hit)
68 http cache @standard-schema/spec@https://registry.npmjs.org/@standard-schema/spec/-/spec-1.1.0.tgz 0ms (cache hit)
69 http cache victory-vendor@https://registry.npmjs.org/victory-vendor/-/victory-vendor-37.3.6.tgz 0ms (cache hit)
70 http cache use-sync-external-store@https://registry.npmjs.org/use-sync-external-store/-/use-sync-external-store-1.6.0.tgz 0ms (cache hit)
71 http cache reselect@https://registry.npmjs.org/reselect/-/reselect-5.2.0.tgz 0ms (cache hit)
72 http cache tiny-invariant@https://registry.npmjs.org/tiny-invariant/-/tiny-invariant-1.3.3.tgz 0ms (cache hit)
73 http cache redux-thunk@https://registry.npmjs.org/redux-thunk/-/redux-thunk-3.1.0.tgz 0ms (cache hit)
74 http cache recharts@https://registry.npmjs.org/recharts/-/recharts-3.10.1.tgz 0ms (cache hit)
75 http cache redux@https://registry.npmjs.org/redux/-/redux-5.0.1.tgz 0ms (cache hit)
76 http cache react-redux@https://registry.npmjs.org/react-redux/-/react-redux-9.3.0.tgz 0ms (cache hit)
77 http cache internmap@https://registry.npmjs.org/internmap/-/internmap-2.0.3.tgz 0ms (cache hit)
78 http cache immer@https://registry.npmjs.org/immer/-/immer-11.1.18.tgz 0ms (cache hit)
79 http cache eventemitter3@https://registry.npmjs.org/eventemitter3/-/eventemitter3-5.0.4.tgz 0ms (cache hit)
80 http cache es-toolkit@https://registry.npmjs.org/es-toolkit/-/es-toolkit-1.52.0.tgz 0ms (cache hit)
81 http cache decimal.js-light@https://registry.npmjs.org/decimal.js-light/-/decimal.js-light-2.5.1.tgz 0ms (cache hit)
82 http cache d3-timer@https://registry.npmjs.org/d3-timer/-/d3-timer-3.0.1.tgz 0ms (cache hit)
83 http cache d3-time@https://registry.npmjs.org/d3-time/-/d3-time-3.1.0.tgz 0ms (cache hit)
84 http cache d3-time-format@https://registry.npmjs.org/d3-time-format/-/d3-time-format-4.1.0.tgz 0ms (cache hit)
85 http cache d3-shape@https://registry.npmjs.org/d3-shape/-/d3-shape-3.2.0.tgz 0ms (cache hit)
86 http cache d3-scale@https://registry.npmjs.org/d3-scale/-/d3-scale-4.0.2.tgz 0ms (cache hit)
87 http cache d3-path@https://registry.npmjs.org/d3-path/-/d3-path-3.1.0.tgz 0ms (cache hit)
88 http cache d3-interpolate@https://registry.npmjs.org/d3-interpolate/-/d3-interpolate-3.0.1.tgz 0ms (cache hit)
89 http cache d3-format@https://registry.npmjs.org/d3-format/-/d3-format-3.1.2.tgz 0ms (cache hit)
90 http cache d3-ease@https://registry.npmjs.org/d3-ease/-/d3-ease-3.0.1.tgz 0ms (cache hit)
91 silly tarball no local data for @types/use-sync-external-store@https://registry.npmjs.org/@types/use-sync-external-store/-/use-sync-external-store-0.0.6.tgz. Extracting by manifest.
92 http cache d3-color@https://registry.npmjs.org/d3-color/-/d3-color-3.1.0.tgz 0ms (cache hit)
93 http cache d3-array@https://registry.npmjs.org/d3-array/-/d3-array-3.2.4.tgz 0ms (cache hit)
94 silly tarball no local data for @types/d3-timer@https://registry.npmjs.org/@types/d3-timer/-/d3-timer-3.0.2.tgz. Extracting by manifest.
95 silly tarball no local data for @types/d3-time@https://registry.npmjs.org/@types/d3-time/-/d3-time-3.0.4.tgz. Extracting by manifest.
96 silly tarball no local data for @types/d3-shape@https://registry.npmjs.org/@types/d3-shape/-/d3-shape-3.2.0.tgz. Extracting by manifest.
97 silly tarball no local data for @types/d3-scale@https://registry.npmjs.org/@types/d3-scale/-/d3-scale-4.0.9.tgz. Extracting by manifest.
98 silly tarball no local data for @types/d3-path@https://registry.npmjs.org/@types/d3-path/-/d3-path-3.1.1.tgz. Extracting by manifest.
99 http cache clsx@https://registry.npmjs.org/clsx/-/clsx-2.1.1.tgz 0ms (cache hit)
100 silly tarball no local data for @types/d3-interpolate@https://registry.npmjs.org/@types/d3-interpolate/-/d3-interpolate-3.0.4.tgz. Extracting by manifest.
101 silly tarball no local data for @types/d3-ease@https://registry.npmjs.org/@types/d3-ease/-/d3-ease-3.0.2.tgz. Extracting by manifest.
102 silly tarball no local data for @standard-schema/utils@https://registry.npmjs.org/@standard-schema/utils/-/utils-0.3.0.tgz. Extracting by manifest.
103 silly tarball no local data for @types/d3-array@https://registry.npmjs.org/@types/d3-array/-/d3-array-3.2.2.tgz. Extracting by manifest.
104 silly tarball no local data for @types/d3-color@https://registry.npmjs.org/@types/d3-color/-/d3-color-3.1.3.tgz. Extracting by manifest.
105 silly tarball no local data for @reduxjs/toolkit@https://registry.npmjs.org/@reduxjs/toolkit/-/toolkit-2.12.0.tgz. Extracting by manifest.
106 silly tarball no local data for @standard-schema/spec@https://registry.npmjs.org/@standard-schema/spec/-/spec-1.1.0.tgz. Extracting by manifest.
107 silly tarball no local data for victory-vendor@https://registry.npmjs.org/victory-vendor/-/victory-vendor-37.3.6.tgz. Extracting by manifest.
108 silly tarball no local data for use-sync-external-store@https://registry.npmjs.org/use-sync-external-store/-/use-sync-external-store-1.6.0.tgz. Extracting by manifest.
109 silly tarball no local data for reselect@https://registry.npmjs.org/reselect/-/reselect-5.2.0.tgz. Extracting by manifest.
110 silly tarball no local data for tiny-invariant@https://registry.npmjs.org/tiny-invariant/-/tiny-invariant-1.3.3.tgz. Extracting by manifest.
111 silly tarball no local data for redux-thunk@https://registry.npmjs.org/redux-thunk/-/redux-thunk-3.1.0.tgz. Extracting by manifest.
112 silly tarball no local data for recharts@https://registry.npmjs.org/recharts/-/recharts-3.10.1.tgz. Extracting by manifest.
113 silly tarball no local data for redux@https://registry.npmjs.org/redux/-/redux-5.0.1.tgz. Extracting by manifest.
114 silly tarball no local data for react-redux@https://registry.npmjs.org/react-redux/-/react-redux-9.3.0.tgz. Extracting by manifest.
115 silly tarball no local data for internmap@https://registry.npmjs.org/internmap/-/internmap-2.0.3.tgz. Extracting by manifest.
116 silly tarball no local data for immer@https://registry.npmjs.org/immer/-/immer-11.1.18.tgz. Extracting by manifest.
117 silly tarball no local data for eventemitter3@https://registry.npmjs.org/eventemitter3/-/eventemitter3-5.0.4.tgz. Extracting by manifest.
118 silly tarball no local data for es-toolkit@https://registry.npmjs.org/es-toolkit/-/es-toolkit-1.52.0.tgz. Extracting by manifest.
119 silly tarball no local data for decimal.js-light@https://registry.npmjs.org/decimal.js-light/-/decimal.js-light-2.5.1.tgz. Extracting by manifest.
120 silly tarball no local data for d3-timer@https://registry.npmjs.org/d3-timer/-/d3-timer-3.0.1.tgz. Extracting by manifest.
121 silly tarball no local data for d3-time@https://registry.npmjs.org/d3-time/-/d3-time-3.1.0.tgz. Extracting by manifest.
122 silly tarball no local data for d3-time-format@https://registry.npmjs.org/d3-time-format/-/d3-time-format-4.1.0.tgz. Extracting by manifest.
123 silly tarball no local data for d3-shape@https://registry.npmjs.org/d3-shape/-/d3-shape-3.2.0.tgz. Extracting by manifest.
124 silly tarball no local data for d3-scale@https://registry.npmjs.org/d3-scale/-/d3-scale-4.0.2.tgz. Extracting by manifest.
125 silly tarball no local data for d3-path@https://registry.npmjs.org/d3-path/-/d3-path-3.1.0.tgz. Extracting by manifest.
126 silly tarball no local data for d3-interpolate@https://registry.npmjs.org/d3-interpolate/-/d3-interpolate-3.0.1.tgz. Extracting by manifest.
127 silly tarball no local data for d3-format@https://registry.npmjs.org/d3-format/-/d3-format-3.1.2.tgz. Extracting by manifest.
128 silly tarball no local data for d3-ease@https://registry.npmjs.org/d3-ease/-/d3-ease-3.0.1.tgz. Extracting by manifest.
129 silly tarball no local data for d3-color@https://registry.npmjs.org/d3-color/-/d3-color-3.1.0.tgz. Extracting by manifest.
130 silly tarball no local data for d3-array@https://registry.npmjs.org/d3-array/-/d3-array-3.2.4.tgz. Extracting by manifest.
131 silly tarball no local data for clsx@https://registry.npmjs.org/clsx/-/clsx-2.1.1.tgz. Extracting by manifest.
132 verbose audit error FetchError: request to https://registry.npmjs.org/-/npm/v1/security/advisories/bulk failed, reason: 
132 verbose audit error     at ClientRequest.<anonymous> (C:\Program Files\nodejs\node_modules\npm\node_modules\minipass-fetch\lib\index.js:130:14)
132 verbose audit error     at ClientRequest.emit (node:events:509:28)
132 verbose audit error     at emitErrorEvent (node:_http_client:109:11)
132 verbose audit error     at _destroy (node:_http_client:993:9)
132 verbose audit error     at onSocketNT (node:_http_client:1014:5)
132 verbose audit error     at process.processTicksAndRejections (node:internal/process/task_queues:91:21) {
132 verbose audit error   code: 'EACCES',
132 verbose audit error   errno: 'EACCES',
132 verbose audit error   type: 'system'
132 verbose audit error }
133 silly audit error undefined
134 silly audit report null
135 http fetch GET https://registry.npmjs.org/@types/use-sync-external-store/-/use-sync-external-store-0.0.6.tgz attempt 1 failed with EACCES
136 http fetch GET https://registry.npmjs.org/@types/d3-timer/-/d3-timer-3.0.2.tgz attempt 1 failed with EACCES
137 http fetch GET https://registry.npmjs.org/@types/d3-time/-/d3-time-3.0.4.tgz attempt 1 failed with EACCES
138 http fetch GET https://registry.npmjs.org/@types/d3-shape/-/d3-shape-3.2.0.tgz attempt 1 failed with EACCES
139 http fetch GET https://registry.npmjs.org/@types/d3-scale/-/d3-scale-4.0.9.tgz attempt 1 failed with EACCES
140 http fetch GET https://registry.npmjs.org/@types/d3-path/-/d3-path-3.1.1.tgz attempt 1 failed with EACCES
141 http fetch GET https://registry.npmjs.org/@types/d3-interpolate/-/d3-interpolate-3.0.4.tgz attempt 1 failed with EACCES
142 http fetch GET https://registry.npmjs.org/@types/d3-ease/-/d3-ease-3.0.2.tgz attempt 1 failed with EACCES
143 http fetch GET https://registry.npmjs.org/@standard-schema/utils/-/utils-0.3.0.tgz attempt 1 failed with EACCES
144 http fetch GET https://registry.npmjs.org/@types/d3-array/-/d3-array-3.2.2.tgz attempt 1 failed with EACCES
145 http fetch GET https://registry.npmjs.org/@types/d3-color/-/d3-color-3.1.3.tgz attempt 1 failed with EACCES
146 http fetch GET https://registry.npmjs.org/@reduxjs/toolkit/-/toolkit-2.12.0.tgz attempt 1 failed with EACCES
147 http fetch GET https://registry.npmjs.org/@standard-schema/spec/-/spec-1.1.0.tgz attempt 1 failed with EACCES
148 http fetch GET https://registry.npmjs.org/victory-vendor/-/victory-vendor-37.3.6.tgz attempt 1 failed with EACCES
149 http fetch GET https://registry.npmjs.org/npm attempt 2 failed with EACCES
150 http fetch GET https://registry.npmjs.org/@types/use-sync-external-store/-/use-sync-external-store-0.0.6.tgz attempt 2 failed with EACCES
151 http fetch GET https://registry.npmjs.org/@types/d3-timer/-/d3-timer-3.0.2.tgz attempt 2 failed with EACCES
152 http fetch GET https://registry.npmjs.org/@types/d3-time/-/d3-time-3.0.4.tgz attempt 2 failed with EACCES
153 http fetch GET https://registry.npmjs.org/@types/d3-shape/-/d3-shape-3.2.0.tgz attempt 2 failed with EACCES
154 http fetch GET https://registry.npmjs.org/@types/d3-scale/-/d3-scale-4.0.9.tgz attempt 2 failed with EACCES
155 http fetch GET https://registry.npmjs.org/@types/d3-path/-/d3-path-3.1.1.tgz attempt 2 failed with EACCES
156 http fetch GET https://registry.npmjs.org/@types/d3-interpolate/-/d3-interpolate-3.0.4.tgz attempt 2 failed with EACCES
157 http fetch GET https://registry.npmjs.org/@types/d3-ease/-/d3-ease-3.0.2.tgz attempt 2 failed with EACCES
158 http fetch GET https://registry.npmjs.org/@standard-schema/utils/-/utils-0.3.0.tgz attempt 2 failed with EACCES
159 http fetch GET https://registry.npmjs.org/@types/d3-array/-/d3-array-3.2.2.tgz attempt 2 failed with EACCES
160 http fetch GET https://registry.npmjs.org/@types/d3-color/-/d3-color-3.1.3.tgz attempt 2 failed with EACCES
161 http fetch GET https://registry.npmjs.org/@reduxjs/toolkit/-/toolkit-2.12.0.tgz attempt 2 failed with EACCES
162 http fetch GET https://registry.npmjs.org/@standard-schema/spec/-/spec-1.1.0.tgz attempt 2 failed with EACCES
163 http fetch GET https://registry.npmjs.org/victory-vendor/-/victory-vendor-37.3.6.tgz attempt 2 failed with EACCES
164 http fetch GET https://registry.npmjs.org/npm attempt 3 failed with EACCES
165 http fetch GET https://registry.npmjs.org/@types/use-sync-external-store/-/use-sync-external-store-0.0.6.tgz attempt 3 failed with EACCES
166 http fetch GET https://registry.npmjs.org/@types/d3-timer/-/d3-timer-3.0.2.tgz attempt 3 failed with EACCES
167 http fetch GET https://registry.npmjs.org/@types/d3-time/-/d3-time-3.0.4.tgz attempt 3 failed with EACCES
168 http fetch GET https://registry.npmjs.org/@types/d3-shape/-/d3-shape-3.2.0.tgz attempt 3 failed with EACCES
169 http fetch GET https://registry.npmjs.org/@types/d3-scale/-/d3-scale-4.0.9.tgz attempt 3 failed with EACCES
170 http fetch GET https://registry.npmjs.org/@types/d3-path/-/d3-path-3.1.1.tgz attempt 3 failed with EACCES
171 http fetch GET https://registry.npmjs.org/@types/d3-interpolate/-/d3-interpolate-3.0.4.tgz attempt 3 failed with EACCES
172 http fetch GET https://registry.npmjs.org/@types/d3-ease/-/d3-ease-3.0.2.tgz attempt 3 failed with EACCES
173 http fetch GET https://registry.npmjs.org/@standard-schema/utils/-/utils-0.3.0.tgz attempt 3 failed with EACCES
174 http fetch GET https://registry.npmjs.org/@types/d3-array/-/d3-array-3.2.2.tgz attempt 3 failed with EACCES
175 http fetch GET https://registry.npmjs.org/@types/d3-color/-/d3-color-3.1.3.tgz attempt 3 failed with EACCES
176 http fetch GET https://registry.npmjs.org/@reduxjs/toolkit/-/toolkit-2.12.0.tgz attempt 3 failed with EACCES
177 http fetch GET https://registry.npmjs.org/@standard-schema/spec/-/spec-1.1.0.tgz attempt 3 failed with EACCES
178 http fetch GET https://registry.npmjs.org/victory-vendor/-/victory-vendor-37.3.6.tgz attempt 3 failed with EACCES
179 verbose cwd C:\LCODE2
180 verbose os Windows_NT 10.0.19045
181 verbose node v24.17.0
182 verbose npm  v11.13.0
183 error Exit handler never called!
184 error This is an error with npm itself. Please report this error at:
185 error   <https://github.com/npm/cli/issues>
186 verbose exit 1
187 verbose code 1
188 error A complete log of this run can be found in: C:\LCODE2\.npm-cache\_logs\2026-09-04T08_37_33_531Z-debug-0.log
